// Jest Snapshot v1, https://goo.gl/fbAQLP

exports[`pack node Analogous 1`] = `"0@01221@anl,,steps"`;

exports[`pack node Complementary 1`] = `"0@010@cmp,"`;

exports[`pack node Contrasting 1`] = `"0@0122x50@ctr,,amount"`;

exports[`pack node Custom color 1`] = `"0@01223@clr,,color,ffc208"`;

exports[`pack node Highlight 1`] = `"0@0162a3f4y28a@hlt,,amount,shift,temp"`;

exports[`pack node Hue 1`] = `"0@0122xb4@h,,degrees"`;

exports[`pack node Informative 1`] = `"0@010@inf,"`;

exports[`pack node Left split complementary 1`] = `"0@010@scl,"`;

exports[`pack node Left tetrad 1`] = `"0@010@ttl,"`;

exports[`pack node Left triad 1`] = `"0@010@trl,"`;

exports[`pack node Lightness 1`] = `"0@0122x32@l,,amount"`;

exports[`pack node Negative 1`] = `"0@010@neg,"`;

exports[`pack node Positive 1`] = `"0@010@pos,"`;

exports[`pack node Right split complementary 1`] = `"0@010@scr,"`;

exports[`pack node Right tetrad 1`] = `"0@010@ttr,"`;

exports[`pack node Right triad 1`] = `"0@010@trr,"`;

exports[`pack node Saturation 1`] = `"0@0122x32@s,,amount"`;

exports[`pack node Shadow 1`] = `"0@0162a3f4y28a@sdw,,amount,shift,temp"`;

exports[`pack node Warning 1`] = `"0@010@wrn,"`;

exports[`pack preset Harmonies 1`] = `"14@670,890,45001,670,890,ab034,ef0,cd06,ef0,x10x1108,ef0,x12x130a,ef0,x14x150c,x19x1a2x18x62,x19x1b2x18x55,x19x1c2x18x32,x19x1d2x18f,x19x1e2x182,!x16x172x185efx10x11x12,012232579bdx13@clr,,color,ff0000,trl,Secondary,hlt,$ light,sdw,$ dark,trr,Tertiary,inf,Info,ctr,On $,pos,Success,wrn,Warning,neg,Error,s,Desaturated $,amount,l,Neutral white,Neutral light,Neutral,Neutral dark,Neutral black"`;

exports[`pack preset Material dark 1`] = `"14@670,890,45001,670,890,ab034,ef0,cd06,ef0,x10x1108,ef0,x12x130a,ef0,x14x150c,x19x1a2x18x62,x19x1b2x18x55,x19x1c2x18x32,x19x1d2x18f,x19x1e2x182,!x16x172x185efx10x11x12,012232579bdx13@clr,,color,ff0000,trl,Secondary,hlt,$ light,sdw,$ dark,trr,Tertiary,inf,Info,ctr,On $,pos,Success,wrn,Warning,neg,Error,s,Desaturated $,amount,l,Neutral white,Neutral light,Neutral,Neutral dark,Neutral black"`;

exports[`pack preset Material light 1`] = `"14@670,890,45001,670,890,ab034,ef0,cd06,ef0,x10x1108,ef0,x12x130a,ef0,x14x150c,x19x1a2x18x62,x19x1b2x18x55,x19x1c2x18x32,x19x1d2x18f,x19x1e2x182,!x16x172x185efx10x11x12,012232579bdx13@clr,,color,ff0000,trl,Secondary,hlt,$ light,sdw,$ dark,trr,Tertiary,inf,Info,ctr,On $,pos,Success,wrn,Warning,neg,Error,s,Desaturated $,amount,l,Neutral white,Neutral light,Neutral,Neutral dark,Neutral black"`;

exports[`pack preset Material neutral dark 1`] = `"14@670,890,45001,670,890,ab034,ef0,cd06,ef0,x10x1108,ef0,x12x130a,ef0,x14x150c,x19x1a2x18x62,x19x1b2x18x55,x19x1c2x18x32,x19x1d2x18f,x19x1e2x182,!x16x172x185efx10x11x12,012232579bdx13@clr,,color,ff0000,trl,Secondary,hlt,$ light,sdw,$ dark,trr,Tertiary,inf,Info,ctr,On $,pos,Success,wrn,Warning,neg,Error,s,Desaturated $,amount,l,Neutral white,Neutral light,Neutral,Neutral dark,Neutral black"`;

exports[`pack preset Material neutral light 1`] = `"14@670,890,45001,670,890,ab034,ef0,cd06,ef0,x10x1108,ef0,x12x130a,ef0,x14x150c,x19x1a2x18x62,x19x1b2x18x55,x19x1c2x18x32,x19x1d2x18f,x19x1e2x182,!x16x172x185efx10x11x12,012232579bdx13@clr,,color,ff0000,trl,Secondary,hlt,$ light,sdw,$ dark,trr,Tertiary,inf,Info,ctr,On $,pos,Success,wrn,Warning,neg,Error,s,Desaturated $,amount,l,Neutral white,Neutral light,Neutral,Neutral dark,Neutral black"`;

exports[`pack preset Material tones dark 1`] = `"14@670,890,45001,670,890,ab034,ef0,cd06,ef0,x10x1108,ef0,x12x130a,ef0,x14x150c,x19x1a2x18x62,x19x1b2x18x55,x19x1c2x18x32,x19x1d2x18f,x19x1e2x182,!x16x172x185efx10x11x12,012232579bdx13@clr,,color,ff0000,trl,Secondary,hlt,$ light,sdw,$ dark,trr,Tertiary,inf,Info,ctr,On $,pos,Success,wrn,Warning,neg,Error,s,Desaturated $,amount,l,Neutral white,Neutral light,Neutral,Neutral dark,Neutral black"`;

exports[`pack preset Material tones light 1`] = `"14@670,890,45001,670,890,ab034,ef0,cd06,ef0,x10x1108,ef0,x12x130a,ef0,x14x150c,x19x1a2x18x62,x19x1b2x18x55,x19x1c2x18x32,x19x1d2x18f,x19x1e2x182,!x16x172x185efx10x11x12,012232579bdx13@clr,,color,ff0000,trl,Secondary,hlt,$ light,sdw,$ dark,trr,Tertiary,inf,Info,ctr,On $,pos,Success,wrn,Warning,neg,Error,s,Desaturated $,amount,l,Neutral white,Neutral light,Neutral,Neutral dark,Neutral black"`;

exports[`pack preset Neutral 1`] = `"14@670,890,45001,670,890,ab034,ef0,cd06,ef0,x10x1108,ef0,x12x130a,ef0,x14x150c,x19x1a2x18x62,x19x1b2x18x55,x19x1c2x18x32,x19x1d2x18f,x19x1e2x182,!x16x172x185efx10x11x12,012232579bdx13@clr,,color,ff0000,trl,Secondary,hlt,$ light,sdw,$ dark,trr,Tertiary,inf,Info,ctr,On $,pos,Success,wrn,Warning,neg,Error,s,Desaturated $,amount,l,Neutral white,Neutral light,Neutral,Neutral dark,Neutral black"`;

exports[`pack preset Rainbow 1`] = `"14@670,890,45001,670,890,ab034,ef0,cd06,ef0,x10x1108,ef0,x12x130a,ef0,x14x150c,x19x1a2x18x62,x19x1b2x18x55,x19x1c2x18x32,x19x1d2x18f,x19x1e2x182,!x16x172x185efx10x11x12,012232579bdx13@clr,,color,ff0000,trl,Secondary,hlt,$ light,sdw,$ dark,trr,Tertiary,inf,Info,ctr,On $,pos,Success,wrn,Warning,neg,Error,s,Desaturated $,amount,l,Neutral white,Neutral light,Neutral,Neutral dark,Neutral black"`;

exports[`pack preset Scale 1`] = `"14@670,890,45001,670,890,ab034,ef0,cd06,ef0,x10x1108,ef0,x12x130a,ef0,x14x150c,x19x1a2x18x62,x19x1b2x18x55,x19x1c2x18x32,x19x1d2x18f,x19x1e2x182,!x16x172x185efx10x11x12,012232579bdx13@clr,,color,ff0000,trl,Secondary,hlt,$ light,sdw,$ dark,trr,Tertiary,inf,Info,ctr,On $,pos,Success,wrn,Warning,neg,Error,s,Desaturated $,amount,l,Neutral white,Neutral light,Neutral,Neutral dark,Neutral black"`;

exports[`pack preset Schemist theme 1`] = `"14@670,890,45001,670,890,ab034,ef0,cd06,ef0,x10x1108,ef0,x12x130a,ef0,x14x150c,x19x1a2x18x62,x19x1b2x18x55,x19x1c2x18x32,x19x1d2x18f,x19x1e2x182,!x16x172x185efx10x11x12,012232579bdx13@clr,,color,ff0000,trl,Secondary,hlt,$ light,sdw,$ dark,trr,Tertiary,inf,Info,ctr,On $,pos,Success,wrn,Warning,neg,Error,s,Desaturated $,amount,l,Neutral white,Neutral light,Neutral,Neutral dark,Neutral black"`;

exports[`pack preset Semantic color pairs 1`] = `"14@670,890,45001,670,890,ab034,ef0,cd06,ef0,x10x1108,ef0,x12x130a,ef0,x14x150c,x19x1a2x18x62,x19x1b2x18x55,x19x1c2x18x32,x19x1d2x18f,x19x1e2x182,!x16x172x185efx10x11x12,012232579bdx13@clr,,color,ff0000,trl,Secondary,hlt,$ light,sdw,$ dark,trr,Tertiary,inf,Info,ctr,On $,pos,Success,wrn,Warning,neg,Error,s,Desaturated $,amount,l,Neutral white,Neutral light,Neutral,Neutral dark,Neutral black"`;

exports[`pack preset Semantic colors 1`] = `"14@670,890,45001,670,890,ab034,ef0,cd06,ef0,x10x1108,ef0,x12x130a,ef0,x14x150c,x19x1a2x18x62,x19x1b2x18x55,x19x1c2x18x32,x19x1d2x18f,x19x1e2x182,!x16x172x185efx10x11x12,012232579bdx13@clr,,color,ff0000,trl,Secondary,hlt,$ light,sdw,$ dark,trr,Tertiary,inf,Info,ctr,On $,pos,Success,wrn,Warning,neg,Error,s,Desaturated $,amount,l,Neutral white,Neutral light,Neutral,Neutral dark,Neutral black"`;

exports[`pack preset Split complementary 1`] = `"14@670,890,45001,670,890,ab034,ef0,cd06,ef0,x10x1108,ef0,x12x130a,ef0,x14x150c,x19x1a2x18x62,x19x1b2x18x55,x19x1c2x18x32,x19x1d2x18f,x19x1e2x182,!x16x172x185efx10x11x12,012232579bdx13@clr,,color,ff0000,trl,Secondary,hlt,$ light,sdw,$ dark,trr,Tertiary,inf,Info,ctr,On $,pos,Success,wrn,Warning,neg,Error,s,Desaturated $,amount,l,Neutral white,Neutral light,Neutral,Neutral dark,Neutral black"`;

exports[`pack preset States 1`] = `"14@670,890,45001,670,890,ab034,ef0,cd06,ef0,x10x1108,ef0,x12x130a,ef0,x14x150c,x19x1a2x18x62,x19x1b2x18x55,x19x1c2x18x32,x19x1d2x18f,x19x1e2x182,!x16x172x185efx10x11x12,012232579bdx13@clr,,color,ff0000,trl,Secondary,hlt,$ light,sdw,$ dark,trr,Tertiary,inf,Info,ctr,On $,pos,Success,wrn,Warning,neg,Error,s,Desaturated $,amount,l,Neutral white,Neutral light,Neutral,Neutral dark,Neutral black"`;

exports[`pack preset Tetrad 1`] = `"14@670,890,45001,670,890,ab034,ef0,cd06,ef0,x10x1108,ef0,x12x130a,ef0,x14x150c,x19x1a2x18x62,x19x1b2x18x55,x19x1c2x18x32,x19x1d2x18f,x19x1e2x182,!x16x172x185efx10x11x12,012232579bdx13@clr,,color,ff0000,trl,Secondary,hlt,$ light,sdw,$ dark,trr,Tertiary,inf,Info,ctr,On $,pos,Success,wrn,Warning,neg,Error,s,Desaturated $,amount,l,Neutral white,Neutral light,Neutral,Neutral dark,Neutral black"`;

exports[`pack preset Triad 1`] = `"14@670,890,45001,670,890,ab034,ef0,cd06,ef0,x10x1108,ef0,x12x130a,ef0,x14x150c,x19x1a2x18x62,x19x1b2x18x55,x19x1c2x18x32,x19x1d2x18f,x19x1e2x182,!x16x172x185efx10x11x12,012232579bdx13@clr,,color,ff0000,trl,Secondary,hlt,$ light,sdw,$ dark,trr,Tertiary,inf,Info,ctr,On $,pos,Success,wrn,Warning,neg,Error,s,Desaturated $,amount,l,Neutral white,Neutral light,Neutral,Neutral dark,Neutral black"`;
