// Vitest Snapshot v1

exports[`pack node Analogous 1`] = `"0@01221@anl,,steps"`;

exports[`pack node Complementary 1`] = `"0@010@cmp,"`;

exports[`pack node Contrasting 1`] = `"0@0122x50@ctr,,amount"`;

exports[`pack node Custom color 1`] = `"0@01223@clr,,color,ffc208"`;

exports[`pack node Highlight 1`] = `"0@0162a3f4y28a@hlt,,amount,shift,temp"`;

exports[`pack node Hue 1`] = `"0@0122xb4@h,,degrees"`;

exports[`pack node Informative 1`] = `"0@010@inf,"`;

exports[`pack node Left split complementary 1`] = `"0@010@scl,"`;

exports[`pack node Left tetrad 1`] = `"0@010@ttl,"`;

exports[`pack node Left triad 1`] = `"0@010@trl,"`;

exports[`pack node Lightness 1`] = `"0@0122x32@l,,amount"`;

exports[`pack node Negative 1`] = `"0@010@neg,"`;

exports[`pack node Positive 1`] = `"0@010@pos,"`;

exports[`pack node Right split complementary 1`] = `"0@010@scr,"`;

exports[`pack node Right tetrad 1`] = `"0@010@ttr,"`;

exports[`pack node Right triad 1`] = `"0@010@trr,"`;

exports[`pack node Saturation 1`] = `"0@0122x32@s,,amount"`;

exports[`pack node Shadow 1`] = `"0@0162a3f4y28a@sdw,,amount,shift,temp"`;

exports[`pack node Warning 1`] = `"0@010@wrn,"`;

exports[`pack preset Harmonies 1`] = `"6@450,670,890,ab0,cd0,ef0,01223012345@clr,,color,ff0000,ttl,Left $ tetrad,trl,Left $ triad,scl,Left $ complementary,scr,Right $ complementary,trr,Right $ triad,ttr,Right $ tetrad"`;

exports[`pack preset Material dark 1`] = `"15@7826x50,7926x14,7a26x1e,7b26x5a,7826x50,7926x14,7a26x1e,7b26x5a,!cd04567,7826x50,7926x14,7a26x1e,7b26x5a,!ef09abc,7x1126a,7x1226x5a,7x1326x1e,7x1426x50,7x1526x3c,!4x1026aefx10x11x12,!4526x2801238dx13,01223x14@clr,,color,ff0000,s,Primary,amount,l,$,On $,$ container,On $ container,cmp,Complementary,neg,Error,Desaturated $,Surface,On surface,Surface variant,On surface variant,Outline"`;

exports[`pack preset Material light 1`] = `"15@7826x28,7926x64,7a26x5a,7b26a,7826x28,7926x64,7a26x5a,7b26a,!cd04567,7826x28,7926x64,7a26x5a,7b26a,!ef09abc,7x1126x63,7x1226a,7x1326x5a,7x1426x1e,7x1526x32,!4x1026aefx10x11x12,!4526x2801238dx13,01223x14@clr,,color,ff0000,s,Primary,amount,l,$,On $,$ container,On $ container,cmp,Complementary,neg,Error,Desaturated $,Surface,On surface,Surface variant,On surface variant,Outline"`;

exports[`pack preset Material neutral dark 1`] = `"6@7826a,7926x5a,7a26x1e,7b26x50,7c26x3c,!4526a01234,012235@clr,,color,ff0000,s,Desaturated $,amount,l,Surface,On surface,Surface variant,On surface variant,Outline"`;

exports[`pack preset Material neutral light 1`] = `"6@7826x63,7926a,7a26x5a,7b26x1e,7c26x32,!4526a01234,012235@clr,,color,ff0000,s,Desaturated $,amount,l,Surface,On surface,Surface variant,On surface variant,Outline"`;

exports[`pack preset Material tones dark 1`] = `"4@4526x50,4726x14,4826x1e,4926x5a,012230123@clr,,color,ff0000,l,$,amount,On $,$ container,On $ container"`;

exports[`pack preset Material tones light 1`] = `"4@4526x28,4726x64,4826x5a,4926a,012230123@clr,,color,ff0000,l,$,amount,On $,$ container,On $ container"`;

exports[`pack preset Neutral 1`] = `"6@7826x62,7926x55,7a26x32,7b26f,7c262,!4526501234,012235@clr,,color,ff0000,s,Desaturated $,amount,l,Neutral white,Neutral light,Neutral,Neutral dark,Neutral black"`;

exports[`pack preset Rainbow 1`] = `"b@41251,41252,41253,41254,41255,41256,41257,41258,41259,4125a,4125b,012230123456789a@clr,,color,ff0000,anl,steps"`;

exports[`pack preset Scale 1`] = `"b@41250,4125a,4125x14,4125x1e,4125x28,4125x32,4125x3c,4125x46,4125x50,4125x5a,4125x64,012230123456789a@clr,,color,ff0000,l,amount"`;

exports[`pack preset Schemist theme 1`] = `"14@670,890,45001,670,890,ab034,ef0,cd06,ef0,x10x1108,ef0,x12x130a,ef0,x14x150c,x19x1a2x18x62,x19x1b2x18x55,x19x1c2x18x32,x19x1d2x18f,x19x1e2x182,!x16x172x185efx10x11x12,012232579bdx13@clr,,color,ff0000,trl,Secondary,hlt,$ light,sdw,$ dark,trr,Tertiary,inf,Info,ctr,On $,pos,Success,wrn,Warning,neg,Error,s,Desaturated $,amount,l,Neutral white,Neutral light,Neutral,Neutral dark,Neutral black"`;

exports[`pack preset Semantic color pairs 1`] = `"8@670,4500,670,8902,670,ab04,670,cd06,012231357@clr,,color,ff0000,inf,Info,ctr,On $,pos,Success,wrn,Warning,neg,Error"`;

exports[`pack preset Semantic colors 1`] = `"4@450,670,890,ab0,012230123@clr,,color,ff0000,inf,Info,pos,Success,wrn,Warning,neg,Error"`;

exports[`pack preset Split complementary 1`] = `"2@450,670,0122301@clr,,color,ff0000,scl,Left $ complementary,scr,Right $ complementary"`;

exports[`pack preset States 1`] = `"2@450,670,0122301@clr,,color,ff0000,hlt,$ light,sdw,$ dark"`;

exports[`pack preset Tetrad 1`] = `"2@450,670,0122301@clr,,color,ff0000,ttl,Left $ tetrad,ttr,Right $ tetrad"`;

exports[`pack preset Triad 1`] = `"2@450,670,0122301@clr,,color,ff0000,trl,Left $ triad,trr,Right $ triad"`;
